#
# There is insufficient memory for the Java Runtime Environment to continue.
# Native memory allocation (malloc) failed to allocate 1568344 bytes. Error detail: Chunk::new
# Possible reasons:
#   The system is out of physical RAM or swap space
#   This process is running with CompressedOops enabled, and the Java Heap may be blocking the growth of the native heap
# Possible solutions:
#   Reduce memory load on the system
#   Increase physical memory or swap space
#   Check if swap backing store is full
#   Decrease Java heap size (-Xmx/-Xms)
#   Decrease number of Java threads
#   Decrease Java thread stack sizes (-Xss)
#   Set larger code cache with -XX:ReservedCodeCacheSize=
#   JVM is running with Unscaled Compressed Oops mode in which the Java heap is
#     placed in the first 4GB address space. The Java Heap base address is the
#     maximum limit for the native heap growth. Please use -XX:HeapBaseMinAddress
#     to set the Java Heap base and to place the Java Heap above 4GB virtual address.
# This output file may be truncated or incomplete.
#
#  Out of Memory Error (arena.cpp:186), pid=2948, tid=17400
#
# JRE version: OpenJDK Runtime Environment (25.0.3) (build 25.0.3+-15898627-b508.16)
# Java VM: OpenJDK 64-Bit Server VM (25.0.3+-15898627-b508.16, mixed mode, tiered, compressed oops, compressed class ptrs, g1 gc, windows-amd64)
# No core dump will be written. Minidumps are not enabled by default on client versions of Windows
#

---------------  S U M M A R Y ------------

Command Line: -Xmx64m -Xms64m -Dorg.gradle.appname=gradlew org.gradle.wrapper.GradleWrapperMain :app:assembleDebug --rerun-tasks -x lint

Host: 11th Gen Intel(R) Core(TM) i7-1185G7 @ 3.00GHz, 8 cores, 15G,  Windows 11 , 64 bit Build 26100 (10.0.26100.9444)
Time: Sun Oct  4 11:43:09 2026 Pakistan Standard Time elapsed time: 2.506295 seconds (0d 0h 0m 2s)

---------------  T H R E A D  ---------------

Current thread (0x000002fa18d64fc0):  JavaThread "C2 CompilerThread0" daemon [_thread_in_native, id=17400, stack(0x000000fb38200000,0x000000fb38300000) (1024K)]


Current CompileTask:
C2:2506 1648       4       java.util.jar.JarFile::getVersionedEntry (114 bytes)

Stack: [0x000000fb38200000,0x000000fb38300000]
Native frames: (J=compiled Java code, j=interpreted, Vv=VM code, C=native code)
V  [jvm.dll+0x7bf039]  (no source info available)
V  [jvm.dll+0x78912d]  (no source info available)
V  [jvm.dll+0xa0e615]  (no source info available)
V  [jvm.dll+0xa10c94]  (no source info available)
V  [jvm.dll+0xa11393]  (no source info available)
V  [jvm.dll+0x30a116]  (no source info available)
V  [jvm.dll+0x10eda9]  (no source info available)
V  [jvm.dll+0x10f0d2]  (no source info available)
V  [jvm.dll+0x1a9b77]  (no source info available)
V  [jvm.dll+0x3bf612]  (no source info available)
V  [jvm.dll+0x7c48b7]  (no source info available)
V  [jvm.dll+0x2ce466]  (no source info available)
V  [jvm.dll+0x2cd641]  (no source info available)
V  [jvm.dll+0x24334a]  (no source info available)
V  [jvm.dll+0x2dd025]  (no source info available)
V  [jvm.dll+0x2db226]  (no source info available)
V  [jvm.dll+0x49c12e]  (no source info available)
V  [jvm.dll+0x9ad738]  (no source info available)
V  [jvm.dll+0x7bd585]  (no source info available)
C  [ucrtbase.dll+0x2cd30]  (no source info available)
C  [KERNEL32.DLL+0x2cd87]  (no source info available)
C  [ntdll.dll+0xacaec]  (no source info available)

Lock stack of current Java thread (top to bottom):


---------------  P R O C E S S  ---------------

Threads class SMR info:
_java_thread_list=0x000002fa1e54eb00, length=12, elements={
0x000002fa015da370, 0x000002fa18d05be0, 0x000002fa18d06da0, 0x000002fa18d07560,
0x000002fa18d40320, 0x000002fa18d1a9e0, 0x000002fa18d1d1b0, 0x000002fa18d25980,
0x000002fa18d64fc0, 0x000002fa18d52b00, 0x000002fa1d130b10, 0x000002fa1e52aa50
}

Java Threads: ( => current thread )
  0x000002fa015da370 JavaThread "main"                              [_thread_in_native, id=22976, stack(0x000000fb37300000,0x000000fb37400000) (1024K)]
  0x000002fa18d05be0 JavaThread "Common-Cleaner"             daemon [_thread_blocked, id=15184, stack(0x000000fb37b00000,0x000000fb37c00000) (1024K)]
  0x000002fa18d06da0 JavaThread "Reference Handler"          daemon [_thread_blocked, id=20300, stack(0x000000fb37c00000,0x000000fb37d00000) (1024K)]
  0x000002fa18d07560 JavaThread "Finalizer"                  daemon [_thread_blocked, id=14096, stack(0x000000fb37d00000,0x000000fb37e00000) (1024K)]
  0x000002fa18d40320 JavaThread "Signal Dispatcher"          daemon [_thread_blocked, id=8884, stack(0x000000fb37e00000,0x000000fb37f00000) (1024K)]
  0x000002fa18d1a9e0 JavaThread "Attach Listener"            daemon [_thread_blocked, id=9228, stack(0x000000fb37f00000,0x000000fb38000000) (1024K)]
  0x000002fa18d1d1b0 JavaThread "Service Thread"             daemon [_thread_blocked, id=7604, stack(0x000000fb38000000,0x000000fb38100000) (1024K)]
  0x000002fa18d25980 JavaThread "Monitor Deflation Thread"   daemon [_thread_blocked, id=19060, stack(0x000000fb38100000,0x000000fb38200000) (1024K)]
=>0x000002fa18d64fc0 JavaThread "C2 CompilerThread0"         daemon [_thread_in_native, id=17400, stack(0x000000fb38200000,0x000000fb38300000) (1024K)]
  0x000002fa18d52b00 JavaThread "C1 CompilerThread0"         daemon [_thread_blocked, id=8804, stack(0x000000fb38300000,0x000000fb38400000) (1024K)]
  0x000002fa1d130b10 JavaThread "Notification Thread"        daemon [_thread_blocked, id=16476, stack(0x000000fb38400000,0x000000fb38500000) (1024K)]
  0x000002fa1e52aa50 JavaThread "pool-1-thread-1"                   [_thread_blocked, id=9540, stack(0x000000fb38b00000,0x000000fb38c00000) (1024K)]
Total: 12

Other Threads:
  0x000002fa18ceaa50 VMThread "VM Thread"                           [id=21004, stack(0x000000fb37a00000,0x000000fb37b00000) (1024K)]
  0x000002fa18cccc10 WatcherThread "VM Periodic Task Thread"        [id=12552, stack(0x000000fb37900000,0x000000fb37a00000) (1024K)]
  0x000002fa03a13500 WorkerThread "GC Thread#0"                     [id=18876, stack(0x000000fb37400000,0x000000fb37500000) (1024K)]
  0x000002fa1e2e6470 WorkerThread "GC Thread#1"                     [id=22756, stack(0x000000fb38500000,0x000000fb38600000) (1024K)]
  0x000002fa1e3d44c0 WorkerThread "GC Thread#2"                     [id=13964, stack(0x000000fb38600000,0x000000fb38700000) (1024K)]
  0x000002fa1e3d48f0 WorkerThread "GC Thread#3"                     [id=22084, stack(0x000000fb38700000,0x000000fb38800000) (1024K)]
  0x000002fa1e3d6ba0 WorkerThread "GC Thread#4"                     [id=5608, stack(0x000000fb38800000,0x000000fb38900000) (1024K)]
  0x000002fa1e3d6300 WorkerThread "GC Thread#5"                     [id=5176, stack(0x000000fb38900000,0x000000fb38a00000) (1024K)]
  0x000002fa1e3d8130 WorkerThread "GC Thread#6"                     [id=17456, stack(0x000000fb38a00000,0x000000fb38b00000) (1024K)]
  0x000002fa03a151e0 ConcurrentGCThread "G1 Main Marker"            [id=7952, stack(0x000000fb37500000,0x000000fb37600000) (1024K)]
  0x000002fa03a15d80 WorkerThread "G1 Conc#0"                       [id=19544, stack(0x000000fb37600000,0x000000fb37700000) (1024K)]
  0x000002fa03a65a40 ConcurrentGCThread "G1 Refine#0"               [id=20312, stack(0x000000fb37700000,0x000000fb37800000) (1024K)]
  0x000002fa03a6af20 ConcurrentGCThread "G1 Service"                [id=19572, stack(0x000000fb37800000,0x000000fb37900000) (1024K)]
Total: 13

Threads with active compile tasks:
C2 CompilerThread0  2676 1648       4       java.util.jar.JarFile::getVersionedEntry (114 bytes)
Total: 1

VM state: not at safepoint (normal execution)

VM Mutex/Monitor currently owned by a thread: None

Heap address: 0x00000000fc000000, size: 64 MB, Compressed Oops mode: 32-bit

CDS archive(s) not mapped
Compressed class space mapped at: 0x000000002c000000-0x000000006c000000, reserved size: 1073741824
UseCompressedClassPointers 1, UseCompactObjectHeaders 0
Narrow klass pointer bits 32, Max shift 3
Narrow klass base: 0x0000000000000000, Narrow klass shift: 0
Encoding Range: [0x0000000000000000 - 0x0000000100000000), (4294967296 bytes)
Klass Range:    [0x000000002c000000 - 0x000000006c000000), (1073741824 bytes)
Klass ID Range:  [738197504 - 1811939321) (1073741817)
No protection zone.

GC Precious Log:
 CardTable entry size: 512
 Card Set container configuration: InlinePtr #cards 5 size 8 Array Of Cards #cards 10 size 36 Howl #buckets 4 coarsen threshold 1843 Howl Bitmap #cards 512 size 80 coarsen threshold 460 Card regions per heap region 1 cards per card region 2048
 CPUs: 8 total, 8 available
 Memory: 16112M
 Large Page Support: Disabled
 NUMA Support: Disabled
 Compressed Oops: Enabled (32-bit)
 Heap Region Size: 1M
 Heap Min Capacity: 64M
 Heap Initial Capacity: 64M
 Heap Max Capacity: 64M
 Pre-touch: Disabled
 Parallel Workers: 8
 Concurrent Workers: 2
 Concurrent Refinement Workers: 8
 Periodic GC: Disabled

Heap:
 garbage-first heap   total reserved 65536K, committed 65536K, used 23300K [0x00000000fc000000, 0x0000000100000000)
  region size 1024K, 17 young (17408K), 5 survivors (5120K)

Heap Regions: E=young(eden), S=young(survivor), O=old, HS=humongous(starts), HC=humongous(continues), CS=collection set, F=free, TAMS=top-at-mark-start, PB=parsable bottom
|   0|0x00000000fc000000, 0x00000000fc100000, 0x00000000fc100000|100%|HS|  |TAMS 0x00000000fc000000| PB 0x00000000fc000000| Complete |  0
|   1|0x00000000fc100000, 0x00000000fc200000, 0x00000000fc200000|100%|HC|  |TAMS 0x00000000fc100000| PB 0x00000000fc100000| Complete |  0
|   2|0x00000000fc200000, 0x00000000fc300000, 0x00000000fc300000|100%|HC|  |TAMS 0x00000000fc200000| PB 0x00000000fc200000| Complete |  0
|   3|0x00000000fc300000, 0x00000000fc400000, 0x00000000fc400000|100%|HC|  |TAMS 0x00000000fc300000| PB 0x00000000fc300000| Complete |  0
|   4|0x00000000fc400000, 0x00000000fc500000, 0x00000000fc500000|100%| O|  |TAMS 0x00000000fc400000| PB 0x00000000fc400000| Untracked |  0
|   5|0x00000000fc500000, 0x00000000fc600000, 0x00000000fc600000|100%| O|  |TAMS 0x00000000fc500000| PB 0x00000000fc500000| Untracked |  0
|   6|0x00000000fc600000, 0x00000000fc6c1160, 0x00000000fc700000| 75%| O|  |TAMS 0x00000000fc600000| PB 0x00000000fc600000| Untracked |  0
|   7|0x00000000fc700000, 0x00000000fc700000, 0x00000000fc800000|  0%| F|  |TAMS 0x00000000fc700000| PB 0x00000000fc700000| Untracked |  0
|   8|0x00000000fc800000, 0x00000000fc800000, 0x00000000fc900000|  0%| F|  |TAMS 0x00000000fc800000| PB 0x00000000fc800000| Untracked |  0
|   9|0x00000000fc900000, 0x00000000fc900000, 0x00000000fca00000|  0%| F|  |TAMS 0x00000000fc900000| PB 0x00000000fc900000| Untracked |  0
|  10|0x00000000fca00000, 0x00000000fca00000, 0x00000000fcb00000|  0%| F|  |TAMS 0x00000000fca00000| PB 0x00000000fca00000| Untracked |  0
|  11|0x00000000fcb00000, 0x00000000fcb00000, 0x00000000fcc00000|  0%| F|  |TAMS 0x00000000fcb00000| PB 0x00000000fcb00000| Untracked |  0
|  12|0x00000000fcc00000, 0x00000000fcc00000, 0x00000000fcd00000|  0%| F|  |TAMS 0x00000000fcc00000| PB 0x00000000fcc00000| Untracked |  0
|  13|0x00000000fcd00000, 0x00000000fcd00000, 0x00000000fce00000|  0%| F|  |TAMS 0x00000000fcd00000| PB 0x00000000fcd00000| Untracked |  0
|  14|0x00000000fce00000, 0x00000000fce00000, 0x00000000fcf00000|  0%| F|  |TAMS 0x00000000fce00000| PB 0x00000000fce00000| Untracked |  0
|  15|0x00000000fcf00000, 0x00000000fcf00000, 0x00000000fd000000|  0%| F|  |TAMS 0x00000000fcf00000| PB 0x00000000fcf00000| Untracked |  0
|  16|0x00000000fd000000, 0x00000000fd000000, 0x00000000fd100000|  0%| F|  |TAMS 0x00000000fd000000| PB 0x00000000fd000000| Untracked |  0
|  17|0x00000000fd100000, 0x00000000fd100000, 0x00000000fd200000|  0%| F|  |TAMS 0x00000000fd100000| PB 0x00000000fd100000| Untracked |  0
|  18|0x00000000fd200000, 0x00000000fd200000, 0x00000000fd300000|  0%| F|  |TAMS 0x00000000fd200000| PB 0x00000000fd200000| Untracked |  0
|  19|0x00000000fd300000, 0x00000000fd300000, 0x00000000fd400000|  0%| F|  |TAMS 0x00000000fd300000| PB 0x00000000fd300000| Untracked |  0
|  20|0x00000000fd400000, 0x00000000fd400000, 0x00000000fd500000|  0%| F|  |TAMS 0x00000000fd400000| PB 0x00000000fd400000| Untracked |  0
|  21|0x00000000fd500000, 0x00000000fd500000, 0x00000000fd600000|  0%| F|  |TAMS 0x00000000fd500000| PB 0x00000000fd500000| Untracked |  0
|  22|0x00000000fd600000, 0x00000000fd600000, 0x00000000fd700000|  0%| F|  |TAMS 0x00000000fd600000| PB 0x00000000fd600000| Untracked |  0
|  23|0x00000000fd700000, 0x00000000fd700000, 0x00000000fd800000|  0%| F|  |TAMS 0x00000000fd700000| PB 0x00000000fd700000| Untracked |  0
|  24|0x00000000fd800000, 0x00000000fd800000, 0x00000000fd900000|  0%| F|  |TAMS 0x00000000fd800000| PB 0x00000000fd800000| Untracked |  0
|  25|0x00000000fd900000, 0x00000000fda00000, 0x00000000fda00000|100%| S|CS|TAMS 0x00000000fd900000| PB 0x00000000fd900000| Complete |  0
|  26|0x00000000fda00000, 0x00000000fdb00000, 0x00000000fdb00000|100%| S|CS|TAMS 0x00000000fda00000| PB 0x00000000fda00000| Complete |  0
|  27|0x00000000fdb00000, 0x00000000fdc00000, 0x00000000fdc00000|100%| S|CS|TAMS 0x00000000fdb00000| PB 0x00000000fdb00000| Complete |  0
|  28|0x00000000fdc00000, 0x00000000fdd00000, 0x00000000fdd00000|100%| S|CS|TAMS 0x00000000fdc00000| PB 0x00000000fdc00000| Complete |  0
|  29|0x00000000fdd00000, 0x00000000fde00000, 0x00000000fde00000|100%| S|CS|TAMS 0x00000000fdd00000| PB 0x00000000fdd00000| Complete |  0
|  30|0x00000000fde00000, 0x00000000fde00000, 0x00000000fdf00000|  0%| F|  |TAMS 0x00000000fde00000| PB 0x00000000fde00000| Untracked |  0
|  31|0x00000000fdf00000, 0x00000000fdf00000, 0x00000000fe000000|  0%| F|  |TAMS 0x00000000fdf00000| PB 0x00000000fdf00000| Untracked |  0
|  32|0x00000000fe000000, 0x00000000fe000000, 0x00000000fe100000|  0%| F|  |TAMS 0x00000000fe000000| PB 0x00000000fe000000| Untracked |  0
|  33|0x00000000fe100000, 0x00000000fe100000, 0x00000000fe200000|  0%| F|  |TAMS 0x00000000fe100000| PB 0x00000000fe100000| Untracked |  0
|  34|0x00000000fe200000, 0x00000000fe200000, 0x00000000fe300000|  0%| F|  |TAMS 0x00000000fe200000| PB 0x00000000fe200000| Untracked |  0
|  35|0x00000000fe300000, 0x00000000fe300000, 0x00000000fe400000|  0%| F|  |TAMS 0x00000000fe300000| PB 0x00000000fe300000| Untracked |  0
|  36|0x00000000fe400000, 0x00000000fe400000, 0x00000000fe500000|  0%| F|  |TAMS 0x00000000fe400000| PB 0x00000000fe400000| Untracked |  0
|  37|0x00000000fe500000, 0x00000000fe500000, 0x00000000fe600000|  0%| F|  |TAMS 0x00000000fe500000| PB 0x00000000fe500000| Untracked |  0
|  38|0x00000000fe600000, 0x00000000fe600000, 0x00000000fe700000|  0%| F|  |TAMS 0x00000000fe600000| PB 0x00000000fe600000| Untracked |  0
|  39|0x00000000fe700000, 0x00000000fe700000, 0x00000000fe800000|  0%| F|  |TAMS 0x00000000fe700000| PB 0x00000000fe700000| Untracked |  0
|  40|0x00000000fe800000, 0x00000000fe800000, 0x00000000fe900000|  0%| F|  |TAMS 0x00000000fe800000| PB 0x00000000fe800000| Untracked |  0
|  41|0x00000000fe900000, 0x00000000fe900000, 0x00000000fea00000|  0%| F|  |TAMS 0x00000000fe900000| PB 0x00000000fe900000| Untracked |  0
|  42|0x00000000fea00000, 0x00000000fea00000, 0x00000000feb00000|  0%| F|  |TAMS 0x00000000fea00000| PB 0x00000000fea00000| Untracked |  0
|  43|0x00000000feb00000, 0x00000000feb00000, 0x00000000fec00000|  0%| F|  |TAMS 0x00000000feb00000| PB 0x00000000feb00000| Untracked |  0
|  44|0x00000000fec00000, 0x00000000fec00000, 0x00000000fed00000|  0%| F|  |TAMS 0x00000000fec00000| PB 0x00000000fec00000| Untracked |  0
|  45|0x00000000fed00000, 0x00000000fed00000, 0x00000000fee00000|  0%| F|  |TAMS 0x00000000fed00000| PB 0x00000000fed00000| Untracked |  0
|  46|0x00000000fee00000, 0x00000000fee00000, 0x00000000fef00000|  0%| F|  |TAMS 0x00000000fee00000| PB 0x00000000fee00000| Untracked |  0
|  47|0x00000000fef00000, 0x00000000fef00000, 0x00000000ff000000|  0%| F|  |TAMS 0x00000000fef00000| PB 0x00000000fef00000| Untracked |  0
|  48|0x00000000ff000000, 0x00000000ff000000, 0x00000000ff100000|  0%| F|  |TAMS 0x00000000ff000000| PB 0x00000000ff000000| Untracked |  0
|  49|0x00000000ff100000, 0x00000000ff100000, 0x00000000ff200000|  0%| F|  |TAMS 0x00000000ff100000| PB 0x00000000ff100000| Untracked |  0
|  50|0x00000000ff200000, 0x00000000ff200000, 0x00000000ff300000|  0%| F|  |TAMS 0x00000000ff200000| PB 0x00000000ff200000| Untracked |  0
|  51|0x00000000ff300000, 0x00000000ff300000, 0x00000000ff400000|  0%| F|  |TAMS 0x00000000ff300000| PB 0x00000000ff300000| Untracked |  0
|  52|0x00000000ff400000, 0x00000000ff480000, 0x00000000ff500000| 50%| E|  |TAMS 0x00000000ff400000| PB 0x00000000ff400000| Complete |  0
|  53|0x00000000ff500000, 0x00000000ff600000, 0x00000000ff600000|100%| E|CS|TAMS 0x00000000ff500000| PB 0x00000000ff500000| Complete |  0
|  54|0x00000000ff600000, 0x00000000ff700000, 0x00000000ff700000|100%| E|CS|TAMS 0x00000000ff600000| PB 0x00000000ff600000| Complete |  0
|  55|0x00000000ff700000, 0x00000000ff800000, 0x00000000ff800000|100%| E|CS|TAMS 0x00000000ff700000| PB 0x00000000ff700000| Complete |  0
|  56|0x00000000ff800000, 0x00000000ff900000, 0x00000000ff900000|100%| E|CS|TAMS 0x00000000ff800000| PB 0x00000000ff800000| Complete |  0
|  57|0x00000000ff900000, 0x00000000ffa00000, 0x00000000ffa00000|100%| E|CS|TAMS 0x00000000ff900000| PB 0x00000000ff900000| Complete |  0
|  58|0x00000000ffa00000, 0x00000000ffb00000, 0x00000000ffb00000|100%| E|CS|TAMS 0x00000000ffa00000| PB 0x00000000ffa00000| Complete |  0
|  59|0x00000000ffb00000, 0x00000000ffc00000, 0x00000000ffc00000|100%| E|CS|TAMS 0x00000000ffb00000| PB 0x00000000ffb00000| Complete |  0
|  60|0x00000000ffc00000, 0x00000000ffd00000, 0x00000000ffd00000|100%| E|CS|TAMS 0x00000000ffc00000| PB 0x00000000ffc00000| Complete |  0
|  61|0x00000000ffd00000, 0x00000000ffe00000, 0x00000000ffe00000|100%| E|CS|TAMS 0x00000000ffd00000| PB 0x00000000ffd00000| Complete |  0
|  62|0x00000000ffe00000, 0x00000000fff00000, 0x00000000fff00000|100%| E|CS|TAMS 0x00000000ffe00000| PB 0x00000000ffe00000| Complete |  0
|  63|0x00000000fff00000, 0x0000000100000000, 0x0000000100000000|100%| E|CS|TAMS 0x00000000fff00000| PB 0x00000000fff00000| Complete |  0

Card table byte_map: [0x000002fa01860000,0x000002fa01880000] _byte_map_base: 0x000002fa01080000

Marking Bits: (CMBitMap*) 0x000002fa03a13c90
 Bits: [0x000002fa16220000, 0x000002fa16320000)

Polling page: 0x000002fa01810000

Metaspace:
Metaspace        used 16765K, committed 17024K, reserved 1114112K
 class space     used 2007K, committed 2112K, reserved 1048576K

Usage:
  Non-class:     14.42 MB used.
      Class:      1.96 MB used.
       Both:     16.38 MB used.

Virtual space:
  Non-class space:       64.00 MB reserved,      14.56 MB ( 23%) committed,  1 nodes.
      Class space:        1.00 GB reserved,       2.06 MB ( <1%) committed,  1 nodes.
             Both:        1.06 GB reserved,      16.62 MB (  2%) committed. 

Chunk freelists:
   Non-Class:  1.41 MB
       Class:  13.82 MB
        Both:  15.23 MB

MaxMetaspaceSize: unlimited
CompressedClassSpaceSize: 1.00 GB
Initial GC threshold: 21.00 MB
Current GC threshold: 21.00 MB
CDS: off
 - commit_granule_bytes: 65536.
 - commit_granule_words: 8192.
 - virtual_space_node_default_size: 8388608.
 - enlarge_chunks_in_place: 1.
UseCompressedClassPointers 1, UseCompactObjectHeaders 0
Narrow klass pointer bits 32, Max shift 3
Narrow klass base: 0x0000000000000000, Narrow klass shift: 0
Encoding Range: [0x0000000000000000 - 0x0000000100000000), (4294967296 bytes)
Klass Range:    [0x000000002c000000 - 0x000000006c000000), (1073741824 bytes)
Klass ID Range:  [738197504 - 1811939321) (1073741817)
No protection zone.


Internal statistics:

num_allocs_failed_limit: 0.
num_arena_births: 132.
num_arena_deaths: 0.
num_vsnodes_births: 2.
num_vsnodes_deaths: 0.
num_space_committed: 266.
num_space_uncommitted: 0.
num_chunks_returned_to_freelist: 0.
num_chunks_taken_from_freelist: 346.
num_chunk_merges: 0.
num_chunk_splits: 244.
num_chunks_enlarged: 189.
num_inconsistent_stats: 0.

CodeHeap 'non-profiled nmethods': size=120064Kb used=526Kb max_used=526Kb free=119537Kb
 bounds [0x000002fa0e9b0000, 0x000002fa0ec20000, 0x000002fa15ef0000]
CodeHeap 'profiled nmethods': size=120064Kb used=2390Kb max_used=2390Kb free=117673Kb
 bounds [0x000002fa06ed0000, 0x000002fa07140000, 0x000002fa0e410000]
CodeHeap 'non-nmethods': size=5760Kb used=1462Kb max_used=1464Kb free=4297Kb
 bounds [0x000002fa0e410000, 0x000002fa0e680000, 0x000002fa0e9b0000]
CodeCache: size=245888Kb, used=4378Kb, max_used=4380Kb, free=241507Kb
 total_blobs=2159, nmethods=1668, adapters=394, full_count=0
Compilation: enabled, stopped_count=0, restarted_count=0

Compilation events (20 events):
Event: 2.340 Thread 0x000002fa18d52b00 nmethod 1635 0x000002fa07114888 code [0x000002fa07114980, 0x000002fa07114a98]
Event: 2.360 Thread 0x000002fa18d52b00 1637       3       java.lang.invoke.LambdaFormBuffer::changeName (149 bytes)
Event: 2.360 Thread 0x000002fa18d64fc0 1636       4       java.util.ImmutableCollections$ListN::size (6 bytes)
Event: 2.361 Thread 0x000002fa18d52b00 nmethod 1637 0x000002fa07114b88 code [0x000002fa07114c80, 0x000002fa07115220]
Event: 2.361 Thread 0x000002fa18d52b00 1638       3       java.lang.invoke.LambdaForm::normalizeNames (233 bytes)
Event: 2.361 Thread 0x000002fa18d64fc0 nmethod 1636 0x000002fa0ea31f08 code [0x000002fa0ea32000, 0x000002fa0ea32090]
Event: 2.362 Thread 0x000002fa18d52b00 nmethod 1638 0x000002fa07115288 code [0x000002fa07115380, 0x000002fa07116318]
Event: 2.362 Thread 0x000002fa18d52b00 1639       3       java.lang.invoke.LambdaForm$Name::internArguments (62 bytes)
Event: 2.362 Thread 0x000002fa18d52b00 nmethod 1639 0x000002fa07116388 code [0x000002fa07116480, 0x000002fa07116ac8]
Event: 2.362 Thread 0x000002fa18d52b00 1640       3       jdk.internal.classfile.impl.StackMapGenerator$Frame::setLocal (76 bytes)
Event: 2.362 Thread 0x000002fa18d52b00 nmethod 1640 0x000002fa07116b08 code [0x000002fa07116c00, 0x000002fa07117048]
Event: 2.384 Thread 0x000002fa18d52b00 1642       3       java.util.Collections$UnmodifiableCollection$1::hasNext (10 bytes)
Event: 2.384 Thread 0x000002fa18d64fc0 1641       4       java.lang.String::startsWith (123 bytes)
Event: 2.384 Thread 0x000002fa18d52b00 nmethod 1642 0x000002fa07117088 code [0x000002fa07117180, 0x000002fa07117350]
Event: 2.384 Thread 0x000002fa18d52b00 1643       3       java.util.Collections$UnmodifiableCollection$1::next (10 bytes)
Event: 2.384 Thread 0x000002fa18d52b00 nmethod 1643 0x000002fa07117388 code [0x000002fa07117480, 0x000002fa07117648]
Event: 2.391 Thread 0x000002fa18d64fc0 nmethod 1641 0x000002fa0ea32208 code [0x000002fa0ea32300, 0x000002fa0ea326b0]
Event: 2.457 Thread 0x000002fa18d52b00 1647       3       java.lang.ThreadLocal::get (35 bytes)
Event: 2.458 Thread 0x000002fa18d52b00 nmethod 1647 0x000002fa07117688 code [0x000002fa07117780, 0x000002fa07117a58]
Event: 2.482 Thread 0x000002fa18d64fc0 1648       4       java.util.jar.JarFile::getVersionedEntry (114 bytes)

GC Heap Usage History (2 events):
Event: 1.882 {heap Before GC invocations=0 (full 0):
 garbage-first heap   total reserved 65536K, committed 65536K, used 38912K [0x00000000fc000000, 0x0000000100000000)
  region size 1024K, 34 young (34816K), 0 survivors (0K)
}
Event: 1.894 {heap After GC invocations=1 (full 0):
 garbage-first heap   total reserved 65536K, committed 65536K, used 12036K [0x00000000fc000000, 0x0000000100000000)
  region size 1024K, 5 young (5120K), 5 survivors (5120K)
}

Metaspace Usage History (2 events):
Event: 1.882 {metaspace Before GC invocations=0 (full 0):
 Metaspace       used 12735K, committed 12864K, reserved 1114112K
  class space    used 1396K, committed 1472K, reserved 1048576K
}
Event: 1.894 {metaspace After GC invocations=1 (full 0):
 Metaspace       used 12735K, committed 12864K, reserved 1114112K
  class space    used 1396K, committed 1472K, reserved 1048576K
}

Dll operation events (3 events):
Event: 0.017 Loaded shared library C:\Program Files\Android\Android Studio1\jbr\bin\java.dll
Event: 0.022 Loaded shared library C:\Program Files\Android\Android Studio1\jbr\bin\zip.dll
Event: 0.172 Loaded shared library C:\Program Files\Android\Android Studio1\jbr\bin\verify.dll

Deoptimization events (20 events):
Event: 2.223 Thread 0x000002fa015da370 DEOPT PACKING pc=0x000002fa0ea2d774 sp=0x000000fb373fd620
Event: 2.223 Thread 0x000002fa015da370 DEOPT UNPACKING pc=0x000002fa0e537402 sp=0x000000fb373fd5b0 mode 2
Event: 2.223 Thread 0x000002fa015da370 Uncommon trap: trap_request=0xffffffd6 fr.pc=0x000002fa0ea2d774 relative=0x0000000000000654
Event: 2.223 Thread 0x000002fa015da370 Uncommon trap: reason=array_check action=maybe_recompile pc=0x000002fa0ea2d774 method=jdk.internal.classfile.impl.SplitConstantPool.internalAdd(Ljava/lang/classfile/constantpool/PoolEntry;I)Ljava/lang/classfile/constantpool/PoolEntry; @ 46 c2
Event: 2.223 Thread 0x000002fa015da370 DEOPT PACKING pc=0x000002fa0ea2d774 sp=0x000000fb373fd470
Event: 2.223 Thread 0x000002fa015da370 DEOPT UNPACKING pc=0x000002fa0e537402 sp=0x000000fb373fd400 mode 2
Event: 2.223 Thread 0x000002fa015da370 Uncommon trap: trap_request=0xffffffd6 fr.pc=0x000002fa0ea2d774 relative=0x0000000000000654
Event: 2.223 Thread 0x000002fa015da370 Uncommon trap: reason=array_check action=maybe_recompile pc=0x000002fa0ea2d774 method=jdk.internal.classfile.impl.SplitConstantPool.internalAdd(Ljava/lang/classfile/constantpool/PoolEntry;I)Ljava/lang/classfile/constantpool/PoolEntry; @ 46 c2
Event: 2.223 Thread 0x000002fa015da370 DEOPT PACKING pc=0x000002fa0ea2d774 sp=0x000000fb373fd440
Event: 2.223 Thread 0x000002fa015da370 DEOPT UNPACKING pc=0x000002fa0e537402 sp=0x000000fb373fd3d0 mode 2
Event: 2.268 Thread 0x000002fa015da370 Uncommon trap: trap_request=0xffffff45 fr.pc=0x000002fa0ea22750 relative=0x00000000000000d0
Event: 2.268 Thread 0x000002fa015da370 Uncommon trap: reason=unstable_if action=reinterpret pc=0x000002fa0ea22750 method=sun.reflect.generics.parser.SignatureParser.current()C @ 39 c2
Event: 2.268 Thread 0x000002fa015da370 DEOPT PACKING pc=0x000002fa0ea22750 sp=0x000000fb373fd810
Event: 2.268 Thread 0x000002fa015da370 DEOPT UNPACKING pc=0x000002fa0e537402 sp=0x000000fb373fd7a8 mode 2
Event: 2.280 Thread 0x000002fa015da370 DEOPT PACKING pc=0x000002fa07024cf0 sp=0x000000fb373fb9a0
Event: 2.280 Thread 0x000002fa015da370 DEOPT UNPACKING pc=0x000002fa0e4612a2 sp=0x000000fb373faea8 mode 0
Event: 2.336 Thread 0x000002fa015da370 Uncommon trap: trap_request=0xffffffde fr.pc=0x000002fa0e9e29d0 relative=0x0000000000000550
Event: 2.336 Thread 0x000002fa015da370 Uncommon trap: reason=class_check action=maybe_recompile pc=0x000002fa0e9e29d0 method=java.util.HashMap.putVal(ILjava/lang/Object;Ljava/lang/Object;ZZ)Ljava/lang/Object; @ 253 c2
Event: 2.336 Thread 0x000002fa015da370 DEOPT PACKING pc=0x000002fa0e9e29d0 sp=0x000000fb373fdc50
Event: 2.336 Thread 0x000002fa015da370 DEOPT UNPACKING pc=0x000002fa0e537402 sp=0x000000fb373fdb58 mode 2

Classes loaded (20 events):
Event: 2.427 Loading class java/net/StandardSocketOptions$StdSocketOption
Event: 2.427 Loading class java/net/StandardSocketOptions$StdSocketOption done
Event: 2.427 Loading class sun/nio/ch/DatagramChannelImpl$DefaultOptionsHolder
Event: 2.428 Loading class sun/nio/ch/DatagramChannelImpl$DefaultOptionsHolder done
Event: 2.428 Loading class sun/nio/ch/SocketOptionRegistry
Event: 2.428 Loading class sun/nio/ch/SocketOptionRegistry done
Event: 2.428 Loading class sun/nio/ch/SocketOptionRegistry$RegistryKey
Event: 2.428 Loading class sun/nio/ch/SocketOptionRegistry$RegistryKey done
Event: 2.428 Loading class sun/nio/ch/SocketOptionRegistry$LazyInitialization
Event: 2.428 Loading class sun/nio/ch/SocketOptionRegistry$LazyInitialization done
Event: 2.428 Loading class sun/nio/ch/OptionKey
Event: 2.428 Loading class sun/nio/ch/OptionKey done
Event: 2.428 Loading class sun/nio/ch/ExtendedSocketOption
Event: 2.428 Loading class sun/nio/ch/ExtendedSocketOption done
Event: 2.428 Loading class sun/nio/ch/ExtendedSocketOption$1
Event: 2.428 Loading class sun/nio/ch/ExtendedSocketOption$1 done
Event: 2.459 Loading class java/util/function/LongFunction
Event: 2.459 Loading class java/util/function/LongFunction done
Event: 2.492 Loading class java/lang/CloneNotSupportedException
Event: 2.492 Loading class java/lang/CloneNotSupportedException done

Classes unloaded (0 events):
No events

Classes redefined (0 events):
No events

Internal exceptions (20 events):
Event: 1.985 Thread 0x000002fa015da370 Exception <a 'java/lang/NoSuchMethodError'{0x00000000ffd13f00}: 'java.lang.Object java.lang.invoke.Invokers$Holder.invoker(java.lang.Object, java.lang.Object, java.lang.Object)'> (0x00000000ffd13f00) 
thrown [s\src\hotspot\share\interpreter\linkResolver.cpp, line 815]
Event: 2.010 Thread 0x000002fa1e4531f0 Implicit null exception at 0x000002fa0ea10bc5 to 0x000002fa0ea10d00
Event: 2.010 Thread 0x000002fa1e4531f0 Implicit null exception at 0x000002fa0ea10f58 to 0x000002fa0ea11004
Event: 2.010 Thread 0x000002fa1e4531f0 Implicit null exception at 0x000002fa0e9d9d73 to 0x000002fa0e9d9e34
Event: 2.011 Thread 0x000002fa015da370 Exception <a 'sun/nio/fs/WindowsException'{0x00000000ffdc4ac0}> (0x00000000ffdc4ac0) 
thrown [s\src\hotspot\share\prims\jni.cpp, line 535]
Event: 2.143 Thread 0x000002fa015da370 Exception <a 'java/lang/NoSuchMethodError'{0x00000000ff91ca98}: 'java.lang.Object java.lang.invoke.DirectMethodHandle$Holder.newInvokeSpecial(java.lang.Object, java.lang.Object, java.lang.Object, java.lang.Object, java.lang.Object)'> (0x00000000ff91ca98) 
thrown [s\src\hotspot\share\interpreter\linkResolver.cpp, line 815]
Event: 2.153 Thread 0x000002fa015da370 Exception <a 'java/lang/NoSuchMethodError'{0x00000000ff966f78}: 'java.lang.Object java.lang.invoke.Invokers$Holder.invokeExact_MT(java.lang.Object, java.lang.Object, java.lang.Object, java.lang.Object, java.lang.Object)'> (0x00000000ff966f78) 
thrown [s\src\hotspot\share\interpreter\linkResolver.cpp, line 815]
Event: 2.154 Thread 0x000002fa015da370 Exception <a 'java/lang/NoSuchMethodError'{0x00000000ff96fa50}: 'java.lang.Object java.lang.invoke.DirectMethodHandle$Holder.invokeVirtual(java.lang.Object, java.lang.Object, java.lang.Object, java.lang.Object, java.lang.Object, java.lang.Object)'> (0x00000000ff96fa50) 
thrown [s\src\hotspot\share\interpreter\linkResolver.cpp, line 815]
Event: 2.164 Thread 0x000002fa015da370 Exception <a 'java/lang/NoSuchMethodError'{0x00000000ff9b9868}: 'java.lang.Object java.lang.invoke.DirectMethodHandle$Holder.invokeStatic(java.lang.Object, java.lang.Object, java.lang.Object, java.lang.Object, java.lang.Object, java.lang.Object, java.lang.Object, java.lang.Object, java.lang.Object)'> (0x00000000ff9b9868) 
thrown [s\src\hotspot\share\interpreter\linkResolver.cpp, line 815]
Event: 2.170 Thread 0x000002fa015da370 Exception <a 'java/lang/NoSuchMethodError'{0x00000000ff9db390}: 'java.lang.Object java.lang.invoke.DirectMethodHandle$Holder.invokeVirtual(java.lang.Object, java.lang.Object, java.lang.Object, java.lang.Object)'> (0x00000000ff9db390) 
thrown [s\src\hotspot\share\interpreter\linkResolver.cpp, line 815]
Event: 2.176 Thread 0x000002fa015da370 Exception <a 'java/lang/NoSuchMethodError'{0x00000000ff80a700}: 'java.lang.Object java.lang.invoke.DirectMethodHandle$Holder.invokeVirtual(java.lang.Object, java.lang.Object, java.lang.Object, java.lang.Object, java.lang.Object, java.lang.Object, java.lang.Object)'> (0x00000000ff80a700) 
thrown [s\src\hotspot\share\interpreter\linkResolver.cpp, line 815]
Event: 2.183 Thread 0x000002fa015da370 Exception <a 'java/lang/NoSuchMethodError'{0x00000000ff85e788}: 'java.lang.Object java.lang.invoke.DirectMethodHandle$Holder.invokeStatic(java.lang.Object, java.lang.Object, java.lang.Object, java.lang.Object, java.lang.Object, java.lang.Object, java.lang.Object, java.lang.Object, java.lang.Object, java.lang.Object)'> (0x00000000ff85e788) 
thrown [s\src\hotspot\share\interpreter\linkResolver.cpp, line 815]
Event: 2.204 Thread 0x000002fa015da370 Implicit null exception at 0x000002fa0ea148c8 to 0x000002fa0ea14b98
Event: 2.205 Thread 0x000002fa015da370 Exception <a 'sun/nio/fs/WindowsException'{0x00000000ff708ca8}> (0x00000000ff708ca8) 
thrown [s\src\hotspot\share\prims\jni.cpp, line 535]
Event: 2.208 Thread 0x000002fa015da370 Exception <a 'sun/nio/fs/WindowsException'{0x00000000ff71a538}> (0x00000000ff71a538) 
thrown [s\src\hotspot\share\prims\jni.cpp, line 535]
Event: 2.208 Thread 0x000002fa015da370 Exception <a 'sun/nio/fs/WindowsException'{0x00000000ff71b548}> (0x00000000ff71b548) 
thrown [s\src\hotspot\share\prims\jni.cpp, line 535]
Event: 2.209 Thread 0x000002fa015da370 Exception <a 'sun/nio/fs/WindowsException'{0x00000000ff71f568}> (0x00000000ff71f568) 
thrown [s\src\hotspot\share\prims\jni.cpp, line 535]
Event: 2.209 Thread 0x000002fa015da370 Exception <a 'sun/nio/fs/WindowsException'{0x00000000ff721218}> (0x00000000ff721218) 
thrown [s\src\hotspot\share\prims\jni.cpp, line 535]
Event: 2.209 Thread 0x000002fa015da370 Exception <a 'sun/nio/fs/WindowsException'{0x00000000ff7222a0}> (0x00000000ff7222a0) 
thrown [s\src\hotspot\share\prims\jni.cpp, line 535]
Event: 2.209 Thread 0x000002fa015da370 Exception <a 'sun/nio/fs/WindowsException'{0x00000000ff722ef8}> (0x00000000ff722ef8) 
thrown [s\src\hotspot\share\prims\jni.cpp, line 535]

VM Operations (16 events):
Event: 0.167 Executing non-safepoint VM operation: HandshakeAllThreads (Deoptimize)
Event: 0.167 Executing non-safepoint VM operation: HandshakeAllThreads (Deoptimize) done
Event: 1.504 Executing non-safepoint VM operation: HandshakeAllThreads (Deoptimize)
Event: 1.504 Executing non-safepoint VM operation: HandshakeAllThreads (Deoptimize) done
Event: 1.543 Executing non-safepoint VM operation: HandshakeAllThreads (Deoptimize)
Event: 1.543 Executing non-safepoint VM operation: HandshakeAllThreads (Deoptimize) done
Event: 1.848 Executing non-safepoint VM operation: HandshakeAllThreads (Deoptimize)
Event: 1.848 Executing non-safepoint VM operation: HandshakeAllThreads (Deoptimize) done
Event: 1.854 Executing non-safepoint VM operation: HandshakeAllThreads (Deoptimize)
Event: 1.854 Executing non-safepoint VM operation: HandshakeAllThreads (Deoptimize) done
Event: 1.854 Executing non-safepoint VM operation: HandshakeAllThreads (Deoptimize)
Event: 1.854 Executing non-safepoint VM operation: HandshakeAllThreads (Deoptimize) done
Event: 1.882 Executing safepoint VM operation: G1CollectForAllocation (G1 Evacuation Pause)
Event: 1.894 Executing safepoint VM operation: G1CollectForAllocation (G1 Evacuation Pause) done
Event: 2.010 Executing non-safepoint VM operation: HandshakeAllThreads (Deoptimize)
Event: 2.010 Executing non-safepoint VM operation: HandshakeAllThreads (Deoptimize) done

Memory protections (0 events):
No events

Nmethod flushes (0 events):
No events

Events (20 events):
Event: 0.090 Thread 0x000002fa015da370 Thread added: 0x000002fa18d07560
Event: 0.091 Thread 0x000002fa015da370 Thread added: 0x000002fa18d40320
Event: 0.091 Thread 0x000002fa015da370 Thread added: 0x000002fa18d1a9e0
Event: 0.091 Thread 0x000002fa015da370 Thread added: 0x000002fa18d1d1b0
Event: 0.091 Thread 0x000002fa015da370 Thread added: 0x000002fa18d25980
Event: 0.092 Thread 0x000002fa015da370 Thread added: 0x000002fa18d64fc0
Event: 0.092 Thread 0x000002fa015da370 Thread added: 0x000002fa18d52b00
Event: 0.130 Thread 0x000002fa015da370 Thread added: 0x000002fa1d130b10
Event: 0.149 Loaded shared library C:\Program Files\Android\Android Studio1\jbr\bin\net.dll
Event: 0.153 Loaded shared library C:\Program Files\Android\Android Studio1\jbr\bin\nio.dll
Event: 0.165 Loaded shared library C:\Program Files\Android\Android Studio1\jbr\bin\zip.dll
Event: 1.039 Loaded shared library C:\Program Files\Android\Android Studio1\jbr\bin\jimage.dll
Event: 1.874 Loaded shared library C:\Program Files\Android\Android Studio1\jbr\bin\management.dll
Event: 1.878 Loaded shared library C:\Program Files\Android\Android Studio1\jbr\bin\management_ext.dll
Event: 1.973 Loaded shared library C:\Users\hp\.gradle\native\660c5614fbf4a5f2a75b1949f50a0caf5cd603558e7d8a26e50b933a0cfb79d1\windows-amd64\native-platform.dll
Event: 2.009 Thread 0x000002fa015da370 Thread added: 0x000002fa1e4531f0
Event: 2.016 Loaded shared library C:\Users\hp\.gradle\native\jansi\2.4.2\Windows\x86_64\jansi.dll
Event: 2.060 Thread 0x000002fa1e4531f0 Thread exited: 0x000002fa1e4531f0
Event: 2.065 Thread 0x000002fa015da370 Thread added: 0x000002fa1e52aa50
Event: 2.419 Loaded shared library C:\Program Files\Android\Android Studio1\jbr\bin\extnet.dll


Dynamic libraries:
0x00007ff7e34d0000 - 0x00007ff7e34da000 	C:\Program Files\Android\Android Studio1\jbr\bin\java.exe
0x00007ffe76d20000 - 0x00007ffe76f87000 	C:\WINDOWS\SYSTEM32\ntdll.dll
0x00007ffe75bb0000 - 0x00007ffe75c7b000 	C:\WINDOWS\System32\KERNEL32.DLL
0x00007ffe74420000 - 0x00007ffe74822000 	C:\WINDOWS\System32\KERNELBASE.dll
0x00007ffe6e140000 - 0x00007ffe6e1df000 	C:\WINDOWS\SYSTEM32\apphelp.dll
0x00007ffe740b0000 - 0x00007ffe741fc000 	C:\WINDOWS\System32\ucrtbase.dll
0x00007ffe4a5e0000 - 0x00007ffe4a5f6000 	C:\Program Files\Android\Android Studio1\jbr\bin\jli.dll
0x00007ffdf25a0000 - 0x00007ffdf25bb000 	C:\Program Files\Android\Android Studio1\jbr\bin\VCRUNTIME140.dll
0x00007ffe75200000 - 0x00007ffe753cf000 	C:\WINDOWS\System32\USER32.dll
0x00007ffe74830000 - 0x00007ffe74857000 	C:\WINDOWS\System32\win32u.dll
0x00007ffe53360000 - 0x00007ffe535f0000 	C:\WINDOWS\WinSxS\amd64_microsoft.windows.common-controls_6595b64144ccf1df_6.0.26100.9278_none_3e0d1ba8e3303201\COMCTL32.dll
0x00007ffe753e0000 - 0x00007ffe7540b000 	C:\WINDOWS\System32\GDI32.dll
0x00007ffe74b20000 - 0x00007ffe74bc9000 	C:\WINDOWS\System32\msvcrt.dll
0x00007ffe74910000 - 0x00007ffe74a39000 	C:\WINDOWS\System32\gdi32full.dll
0x00007ffe74860000 - 0x00007ffe74903000 	C:\WINDOWS\System32\msvcp_win.dll
0x00007ffe76af0000 - 0x00007ffe76b21000 	C:\WINDOWS\System32\IMM32.DLL
0x00007ffe51b00000 - 0x00007ffe51b0c000 	C:\Program Files\Android\Android Studio1\jbr\bin\vcruntime140_1.dll
0x00007ffde67f0000 - 0x00007ffde687d000 	C:\Program Files\Android\Android Studio1\jbr\bin\msvcp140.dll
0x00007ffdea180000 - 0x00007ffdeb05d000 	C:\Program Files\Android\Android Studio1\jbr\bin\server\jvm.dll
0x00007ffe754a0000 - 0x00007ffe7555c000 	C:\WINDOWS\System32\ADVAPI32.dll
0x00007ffe75b00000 - 0x00007ffe75ba9000 	C:\WINDOWS\System32\sechost.dll
0x00007ffe75570000 - 0x00007ffe75688000 	C:\WINDOWS\System32\RPCRT4.dll
0x00007ffe75690000 - 0x00007ffe75710000 	C:\WINDOWS\System32\WS2_32.dll
0x00007ffe73d70000 - 0x00007ffe73dce000 	C:\WINDOWS\SYSTEM32\POWRPROF.dll
0x00007ffe60700000 - 0x00007ffe6070b000 	C:\WINDOWS\SYSTEM32\VERSION.dll
0x00007ffe68ee0000 - 0x00007ffe68f16000 	C:\WINDOWS\SYSTEM32\WINMM.dll
0x00007ffe73d50000 - 0x00007ffe73d65000 	C:\WINDOWS\SYSTEM32\UMPDC.dll
0x00007ffe72bb0000 - 0x00007ffe72bcb000 	C:\WINDOWS\SYSTEM32\kernel.appcore.dll
0x00007ffe51750000 - 0x00007ffe5175a000 	C:\Program Files\Android\Android Studio1\jbr\bin\jimage.dll
0x00007ffe71500000 - 0x00007ffe7174c000 	C:\WINDOWS\SYSTEM32\DBGHELP.DLL
0x00007ffe75770000 - 0x00007ffe75af5000 	C:\WINDOWS\System32\combase.dll
0x00007ffe74a40000 - 0x00007ffe74b19000 	C:\WINDOWS\System32\OLEAUT32.dll
0x00007ffe4ab40000 - 0x00007ffe4ab7b000 	C:\WINDOWS\SYSTEM32\dbgcore.DLL
0x00007ffe74360000 - 0x00007ffe7440c000 	C:\WINDOWS\System32\bcryptPrimitives.dll
0x00007ffdf2580000 - 0x00007ffdf259e000 	C:\Program Files\Android\Android Studio1\jbr\bin\java.dll
0x00007ffe76800000 - 0x00007ffe7699a000 	C:\WINDOWS\System32\ole32.dll
0x00007ffe76060000 - 0x00007ffe767f8000 	C:\WINDOWS\System32\SHELL32.dll
0x00007ffdf2560000 - 0x00007ffdf2576000 	C:\Program Files\Android\Android Studio1\jbr\bin\zip.dll
0x00007ffe71940000 - 0x00007ffe721ee000 	C:\WINDOWS\SYSTEM32\windows.storage.dll
0x00007ffe750f0000 - 0x00007ffe751eb000 	C:\WINDOWS\System32\SHCORE.dll
0x00007ffe76c40000 - 0x00007ffe76ca6000 	C:\WINDOWS\System32\shlwapi.dll
0x00007ffe73e40000 - 0x00007ffe73e69000 	C:\WINDOWS\SYSTEM32\profapi.dll
0x00007ffe50730000 - 0x00007ffe50740000 	C:\Program Files\Android\Android Studio1\jbr\bin\net.dll
0x00007ffe73150000 - 0x00007ffe731bc000 	C:\WINDOWS\system32\mswsock.dll
0x00007ffdf2540000 - 0x00007ffdf2556000 	C:\Program Files\Android\Android Studio1\jbr\bin\nio.dll
0x00007ffe453e0000 - 0x00007ffe453f0000 	C:\Program Files\Android\Android Studio1\jbr\bin\verify.dll
0x00007ffe50180000 - 0x00007ffe50189000 	C:\Program Files\Android\Android Studio1\jbr\bin\management.dll
0x00007ffe4ec60000 - 0x00007ffe4ec6b000 	C:\Program Files\Android\Android Studio1\jbr\bin\management_ext.dll
0x00007ffe74bd0000 - 0x00007ffe74bd8000 	C:\WINDOWS\System32\PSAPI.DLL
0x00007ffe52b10000 - 0x00007ffe52b37000 	C:\Users\hp\.gradle\native\660c5614fbf4a5f2a75b1949f50a0caf5cd603558e7d8a26e50b933a0cfb79d1\windows-amd64\native-platform.dll
0x00007ffe52a50000 - 0x00007ffe52a74000 	C:\Users\hp\.gradle\native\jansi\2.4.2\Windows\x86_64\jansi.dll
0x00007ffe725b0000 - 0x00007ffe725e3000 	C:\WINDOWS\SYSTEM32\IPHLPAPI.DLL
0x00007ffe751f0000 - 0x00007ffe751fa000 	C:\WINDOWS\System32\NSI.dll
0x00007ffe530a0000 - 0x00007ffe530a9000 	C:\Program Files\Android\Android Studio1\jbr\bin\extnet.dll

JVMTI agents: none

dbghelp: loaded successfully - version: 4.0.5 - missing functions: none
symbol engine: initialized successfully - sym options: 0x614 - pdb path: .;C:\Program Files\Android\Android Studio1\jbr\bin;C:\WINDOWS\SYSTEM32;C:\WINDOWS\WinSxS\amd64_microsoft.windows.common-controls_6595b64144ccf1df_6.0.26100.9278_none_3e0d1ba8e3303201;C:\Program Files\Android\Android Studio1\jbr\bin\server;C:\Users\hp\.gradle\native\660c5614fbf4a5f2a75b1949f50a0caf5cd603558e7d8a26e50b933a0cfb79d1\windows-amd64;C:\Users\hp\.gradle\native\jansi\2.4.2\Windows\x86_64

VM Arguments:
jvm_args: -Xmx64m -Xms64m -Dorg.gradle.appname=gradlew 
java_command: org.gradle.wrapper.GradleWrapperMain :app:assembleDebug --rerun-tasks -x lint
java_class_path (initial): D:/WithSadam/Pose-Camera/gradle/wrapper/gradle-wrapper.jar
Launcher Type: SUN_STANDARD

[Global flags]
     intx CICompilerCount                          = 4                                         {product} {ergonomic}
     uint ConcGCThreads                            = 2                                         {product} {ergonomic}
     uint G1ConcRefinementThreads                  = 8                                         {product} {ergonomic}
   size_t G1HeapRegionSize                         = 1048576                                   {product} {ergonomic}
   size_t InitialHeapSize                          = 67108864                                  {product} {command line}
   size_t MarkStackSize                            = 4194304                                   {product} {ergonomic}
   size_t MarkStackSizeMax                         = 536870912                                 {product} {ergonomic}
   size_t MaxHeapSize                              = 67108864                                  {product} {command line}
   size_t MaxNewSize                               = 39845888                                  {product} {ergonomic}
   size_t MinHeapDeltaBytes                        = 1048576                                   {product} {ergonomic}
   size_t MinHeapSize                              = 67108864                                  {product} {command line}
    uintx NonNMethodCodeHeapSize                   = 5898240                                {pd product} {ergonomic}
    uintx NonProfiledCodeHeapSize                  = 122945536                              {pd product} {ergonomic}
    uintx ProfiledCodeHeapSize                     = 122945536                              {pd product} {ergonomic}
    uintx ReservedCodeCacheSize                    = 251789312                              {pd product} {ergonomic}
     bool SegmentedCodeCache                       = true                                      {product} {ergonomic}
   size_t SoftMaxHeapSize                          = 67108864                               {manageable} {ergonomic}
     bool UseCompressedOops                        = true                           {product lp64_product} {ergonomic}
     bool UseG1GC                                  = true                                      {product} {ergonomic}
     bool UseLargePagesIndividualAllocation        = false                                  {pd product} {ergonomic}

Logging:
Log output configuration:
 #0: stdout all=warning uptime,level,tags foldmultilines=false
 #1: stderr all=off uptime,level,tags foldmultilines=false

Release file:
JAVA_VERSION="25.0.3" 
MODULES="java.base java.compiler java.datatransfer java.xml java.prefs java.desktop java.instrument java.logging java.management java.security.sasl java.naming java.rmi java.management.rmi java.net.http java.scripting java.security.jgss java.transaction.xa java.sql java.sql.rowset java.xml.crypto java.se java.smartcardio jdk.accessibility jdk.internal.jvmstat jdk.attach jdk.charsets jdk.internal.opt jdk.zipfs jdk.compiler jdk.crypto.cryptoki jdk.crypto.ec jdk.dynalink jdk.hotspot.agent jdk.httpserver jdk.internal.ed jdk.internal.le jdk.internal.md jdk.internal.vm.ci jdk.jartool jdk.javadoc jdk.jcmd jdk.jdeps jdk.jdwp.agent jdk.jdi jdk.jfr jdk.jlink jdk.localedata jdk.management jdk.management.agent jdk.management.jfr jdk.naming.dns jdk.naming.rmi jdk.net jdk.sctp jdk.security.auth jdk.security.jgss jdk.unsupported jdk.unsupported.desktop jdk.xml.dom" 
IMPLEMENTOR="JetBrains s.r.o." 
JAVA_RUNTIME_VERSION="25.0.3+-15898627-b508.16" 
LIBC="default" 
OS_ARCH="x86_64" 
OS_NAME="Windows" 
SOURCE=".:git:a8b1dba3234f" 

Environment Variables:
JAVA_HOME=C:/Program Files/Android/Android Studio1/jbr
PATH=C:\Users\hp\bin;C:\Program Files\Git\mingw64\bin;C:\Program Files\Git\usr\local\bin;C:\Program Files\Git\usr\bin;C:\Program Files\Git\usr\bin;C:\Program Files\Git\mingw64\bin;C:\Program Files\Git\usr\bin;C:\Users\hp\bin;C:\WINDOWS\system32;C:\WINDOWS;C:\WINDOWS\System32\Wbem;C:\WINDOWS\System32\WindowsPowerShell\v1.0;C:\WINDOWS\System32\OpenSSH;C:\Program Files\Git\cmd;C:\Program Files\nodejs;C:\Users\hp\AppData\Local\Programs\Python\Python312\Scripts;C:\Users\hp\AppData\Local\Programs\Python\Python312;C:\Users\hp\AppData\Local\Programs\Python\Launcher;C:\Users\hp\AppData\Local\Microsoft\WindowsApps;C:\Users\hp\AppData\Local\GitHubDesktop\bin;C:\Users\hp\AppData\Local\Programs\cursor\resources\app\bin;C:\Users\hp\AppData\Roaming\npm;C:\Users\hp\AppData\Local\Programs\Antigravity IDE\bin;C:\Users\hp\AppData\Local\Programs\Python\Python312;C:\Program Files\nodejs;C:\Program Files\Git\mingw64\bin;C:\Program Files\Git\usr\bin\vendor_perl;C:\Program Files\Git\usr\bin\core_perl
USERNAME=hp
SHELL=C:\Program Files\Git\usr\bin\bash.exe
TERM=xterm-256color
OS=Windows_NT
PROCESSOR_IDENTIFIER=Intel64 Family 6 Model 140 Stepping 1, GenuineIntel
TMP=C:\Users\hp\AppData\Local\Temp
TEMP=C:\Users\hp\AppData\Local\Temp




Compilation memory statistics disabled.

Periodic native trim disabled

JNI global refs:
JNI global refs: 16, weak refs: 0

JNI global refs memory usage: 835, weak refs: 833

Process memory usage:
Resident Set Size: 118284K (0% of 16499128K total physical memory with 36964K free physical memory)

OOME stack traces (most recent first):
Classloader memory used:
Loader bootstrap                                                                       : 12560 K
Loader org.gradle.internal.classloader.VisitableURLClassLoader                         : 4023 K
Loader java.net.URLClassLoader                                                         : 185 K
Loader jdk.internal.loader.ClassLoaders$AppClassLoader                                 : 95752 B

Classes loaded by more than one classloader:
Class org.gradle.cli.CommandLineParser                                                : loaded 2 times (x 81B)
Class org.gradle.internal.service.UnknownServiceException                             : loaded 2 times (x 85B)
Class org.gradle.cli.CommandLineArgumentException                                     : loaded 2 times (x 84B)
Class org.gradle.cli.CommandLineParser$KnownOptionParserState                         : loaded 2 times (x 78B)
Class org.gradle.cli.CommandLineParser$OptionAwareParserState                         : loaded 2 times (x 79B)
Class org.gradle.cli.ParsedCommandLine                                                : loaded 2 times (x 82B)
Class org.gradle.cli.CommandLineParser$UnknownOptionParserState                       : loaded 2 times (x 78B)
Class org.gradle.cli.ParsedCommandLineOption                                          : loaded 2 times (x 78B)
Class org.gradle.internal.installation.GradleInstallation$1                           : loaded 2 times (x 77B)
Class org.gradle.cli.CommandLineOption                                                : loaded 2 times (x 90B)
Class org.gradle.cli.CommandLineParser$BeforeFirstSubCommand                          : loaded 2 times (x 79B)
Class org.gradle.internal.service.ServiceLookupException                              : loaded 2 times (x 84B)
Class org.gradle.cli.CommandLineParser$OptionParserState                              : loaded 2 times (x 77B)
Class org.gradle.internal.classloader.ClasspathUtil                                   : loaded 2 times (x 73B)
Class org.gradle.api.specs.Spec                                                       : loaded 2 times (x 72B)
Class org.gradle.wrapper.GradleUserHomeLookup                                         : loaded 2 times (x 73B)
Class org.gradle.internal.Cast                                                        : loaded 2 times (x 73B)
Class org.gradle.api.Action                                                           : loaded 2 times (x 72B)
Class org.gradle.api.GradleException                                                  : loaded 2 times (x 84B)
Class org.gradle.internal.IoActions                                                   : loaded 2 times (x 73B)
Class org.gradle.cli.CommandLineParser$ParserState                                    : loaded 2 times (x 78B)
Class org.gradle.internal.installation.CurrentGradleInstallationLocator               : loaded 2 times (x 73B)
Class org.gradle.internal.installation.CurrentGradleInstallation                      : loaded 2 times (x 75B)
Class org.gradle.cli.CommandLineParser$AfterOptions                                   : loaded 2 times (x 79B)
Class org.gradle.internal.installation.GradleInstallation                             : loaded 2 times (x 77B)

---------------  S Y S T E M  ---------------

OS:
 Windows 11 , 64 bit Build 26100 (10.0.26100.9444)
OS uptime: 1 days 14:27 hours
Hyper-V role detected

CPU: total 8 (initial active 8) (4 cores per cpu, 2 threads per core) family 6 model 140 stepping 1 microcode 0xbc, cx8, cmov, fxsr, ht, mmx, 3dnowpref, sse, sse2, sse3, ssse3, sse4.1, sse4.2, popcnt, lzcnt, tsc, tscinvbit, avx, avx2, aes, erms, clmul, bmi1, bmi2, adx, avx512f, avx512dq, avx512cd, avx512bw, avx512vl, sha, fma, vzeroupper, avx512_vpopcntdq, avx512_vpclmulqdq, avx512_vaes, avx512_vnni, clflush, clflushopt, clwb, avx512_vbmi2, avx512_vbmi, hv, rdtscp, rdpid, fsrm, gfni, avx512_bitalg, f16c, cet_ibt, cet_ss, avx512_ifma
Processor Information for processor 0
  Max Mhz: 2995, Current Mhz: 2995, Mhz Limit: 2995
Processor Information for processor 1
  Max Mhz: 2995, Current Mhz: 2995, Mhz Limit: 2995
Processor Information for processor 2
  Max Mhz: 2995, Current Mhz: 2995, Mhz Limit: 2995
Processor Information for processor 3
  Max Mhz: 2995, Current Mhz: 1198, Mhz Limit: 2995
Processor Information for processor 4
  Max Mhz: 2995, Current Mhz: 2995, Mhz Limit: 2995
Processor Information for processor 5
  Max Mhz: 2995, Current Mhz: 2995, Mhz Limit: 2995
Processor Information for processor 6
  Max Mhz: 2995, Current Mhz: 2995, Mhz Limit: 2995
Processor Information for processor 7
  Max Mhz: 2995, Current Mhz: 2995, Mhz Limit: 2995

Memory: 4k page, system-wide physical 16112M (40M free)
TotalPageFile size 36487M (AvailPageFile size 13M)
current process WorkingSet (physical memory assigned to process): 115M, peak: 115M
current process commit charge ("private bytes"): 168M, peak: 170M

vm_info: OpenJDK 64-Bit Server VM (25.0.3+-15898627-b508.16) for windows-amd64 JRE (25.0.3+-15898627-b508.16), built on 2026-07-20T17:54:23Z with MS VC++ 16.10 / 16.11 (VS2019)

END.
